[icc2-lic Tue Apr  7 09:49:31 2026] Command 'report_power' requires licenses
[icc2-lic Tue Apr  7 09:49:31 2026] Attempting to check-out alternate set of keys directly with queueing
[icc2-lic Tue Apr  7 09:49:31 2026] Sending count request for 'ICCompilerII-8' 
[icc2-lic Tue Apr  7 09:49:31 2026] Count request for 'ICCompilerII-8' returned 1 
[icc2-lic Tue Apr  7 09:49:31 2026] Sending check-out request for 'ICCompilerII-8' (1) with wait option
[icc2-lic Tue Apr  7 09:49:31 2026] Check-out request for 'ICCompilerII-8' with wait option succeeded
[icc2-lic Tue Apr  7 09:49:31 2026] Sending checkout check request for 'ICCompilerII-8' 
[icc2-lic Tue Apr  7 09:49:31 2026] Checkout check request for 'ICCompilerII-8' returned 0 
[icc2-lic Tue Apr  7 09:49:31 2026] Sending count request for 'ICCompilerII-8' 
[icc2-lic Tue Apr  7 09:49:31 2026] Count request for 'ICCompilerII-8' returned 1 
[icc2-lic Tue Apr  7 09:49:31 2026] Sending count request for 'ICCompilerII-NX' 
[icc2-lic Tue Apr  7 09:49:31 2026] Count request for 'ICCompilerII-NX' returned 1 
[icc2-lic Tue Apr  7 09:49:31 2026] Sending check-out request for 'ICCompilerII-NX' (1) with wait option
[icc2-lic Tue Apr  7 09:49:31 2026] Check-out request for 'ICCompilerII-NX' with wait option succeeded
[icc2-lic Tue Apr  7 09:49:31 2026] Sending checkout check request for 'ICCompilerII-NX' 
[icc2-lic Tue Apr  7 09:49:31 2026] Checkout check request for 'ICCompilerII-NX' returned 0 
[icc2-lic Tue Apr  7 09:49:31 2026] Sending count request for 'ICCompilerII-NX' 
[icc2-lic Tue Apr  7 09:49:31 2026] Count request for 'ICCompilerII-NX' returned 1 
[icc2-lic Tue Apr  7 09:49:31 2026] Check-out of alternate set of keys directly with queueing was successful
****************************************
Report : power
        -hier
        -significant_digits 2
Design : pow4
Version: W-2024.09
Date   : Tue Apr  7 09:49:31 2026
****************************************
Information: Activity for scenario func::nom was cached, no propagation required. (POW-005)
Mode: func
Corner: nom
Scenario: func::nom
Voltage: 0.85
Temperature: 125.00

Voltage Unit         : 1V
Capacitance Unit     : 1fF
Time Unit            : 1ns
Temperature Unit     : 1C
Dynamic Power Unit   : 1pW
Leakage Power Unit   : 1pW

Switched supply net power scaling:
scaling for leakage power

Supply nets:
VDD (power) probability 1.00 (default)
VSS (ground) probability 1.00 (default)
Warning: Power table extrapolation (extrapolation mode) for port D on cell X_reg_reg[1] for parameter Tinp. Lowest table value = inf, highest table value = inf, value = 0.000000 (POW-046)
Warning: Power table extrapolation (extrapolation mode) for port CLK on cell X_reg_reg[1] for parameter Tinp. Lowest table value = 0.016000, highest table value = 1.024000, value = 0.000095 (POW-046)
Warning: Power table extrapolation (extrapolation mode) for port Q on cell X_reg_reg[1] for parameter Tinp. Lowest table value = 0.016000, highest table value = 1.024000, value = 0.000095 (POW-046)
Warning: Power table extrapolation (extrapolation mode) for port QN on cell X_reg_reg[1] for parameter Tinp. Lowest table value = 0.016000, highest table value = 1.024000, value = 0.000095 (POW-046)
Warning: Power table extrapolation (extrapolation mode) for port D on cell X_reg_reg[0] for parameter Tinp. Lowest table value = inf, highest table value = inf, value = 0.000019 (POW-046)
Warning: Power table extrapolation (extrapolation mode) for port CLK on cell X_reg_reg[0] for parameter Tinp. Lowest table value = 0.016000, highest table value = 1.024000, value = 0.000076 (POW-046)
Warning: Power table extrapolation (extrapolation mode) for port Q on cell X_reg_reg[0] for parameter Tinp. Lowest table value = 0.016000, highest table value = 1.024000, value = 0.000076 (POW-046)
Warning: Power table extrapolation (extrapolation mode) for port QN on cell X_reg_reg[0] for parameter Tinp. Lowest table value = 0.016000, highest table value = 1.024000, value = 0.000076 (POW-046)
Warning: Power table extrapolation (extrapolation mode) for port QN on cell X_reg_reg[0] for parameter Cout. Lowest table value = 0.000100, highest table value = 0.008000, value = 0.000000 (POW-046)
Warning: Power table extrapolation (extrapolation mode) for port D on cell Y_reg[6] for parameter Tinp. Lowest table value = inf, highest table value = inf, value = 0.019417 (POW-046)
Note - message 'POW-046' limit (10) exceeded. Remainder will be suppressed.


Hierarchy                                                  Internal Power        Switching Power          Leakage Power            Total Power       %
---------------------------------------------------------------------------------------------------------------------------------------------------------
pow4                                                             4.26e+06               2.46e+05               1.34e+08               1.39e+08    100.00
1
