[icc2-lic Tue Apr  7 09:48:02 2026] Command 'report_timing' requires licenses
[icc2-lic Tue Apr  7 09:48:02 2026] Attempting to check-out alternate set of keys directly with queueing
[icc2-lic Tue Apr  7 09:48:02 2026] Sending count request for 'ICCompilerII-8' 
[icc2-lic Tue Apr  7 09:48:02 2026] Count request for 'ICCompilerII-8' returned 1 
[icc2-lic Tue Apr  7 09:48:02 2026] Sending check-out request for 'ICCompilerII-8' (1) with wait option
[icc2-lic Tue Apr  7 09:48:02 2026] Check-out request for 'ICCompilerII-8' with wait option succeeded
[icc2-lic Tue Apr  7 09:48:02 2026] Sending checkout check request for 'ICCompilerII-8' 
[icc2-lic Tue Apr  7 09:48:02 2026] Checkout check request for 'ICCompilerII-8' returned 0 
[icc2-lic Tue Apr  7 09:48:02 2026] Sending count request for 'ICCompilerII-8' 
[icc2-lic Tue Apr  7 09:48:02 2026] Count request for 'ICCompilerII-8' returned 1 
[icc2-lic Tue Apr  7 09:48:02 2026] Sending count request for 'ICCompilerII-NX' 
[icc2-lic Tue Apr  7 09:48:02 2026] Count request for 'ICCompilerII-NX' returned 1 
[icc2-lic Tue Apr  7 09:48:02 2026] Sending check-out request for 'ICCompilerII-NX' (1) with wait option
[icc2-lic Tue Apr  7 09:48:02 2026] Check-out request for 'ICCompilerII-NX' with wait option succeeded
[icc2-lic Tue Apr  7 09:48:02 2026] Sending checkout check request for 'ICCompilerII-NX' 
[icc2-lic Tue Apr  7 09:48:02 2026] Checkout check request for 'ICCompilerII-NX' returned 0 
[icc2-lic Tue Apr  7 09:48:02 2026] Sending count request for 'ICCompilerII-NX' 
[icc2-lic Tue Apr  7 09:48:02 2026] Count request for 'ICCompilerII-NX' returned 1 
[icc2-lic Tue Apr  7 09:48:02 2026] Check-out of alternate set of keys directly with queueing was successful
****************************************
Report : timing
        -path_type full
        -delay_type min
        -max_paths 10
        -report_by design
Design : pow4
Version: W-2024.09
Date   : Tue Apr  7 09:48:02 2026
****************************************

  Startpoint: X_reg_reg[1] (rising edge-triggered flip-flop clocked by clk)
  Endpoint: Y_reg[2] (rising edge-triggered flip-flop clocked by clk)
  Mode: func
  Corner: nom
  Scenario: func::nom
  Path Group: clk
  Path Type: min

  Point                                            Incr      Path  
  ------------------------------------------------------------------------
  clock clk (rise edge)                            0.00      0.00
  clock network delay (propagated)                 0.00      0.00

  X_reg_reg[1]/CLK (DFFX1_RVT)                     0.00      0.00 r
  X_reg_reg[1]/QN (DFFX1_RVT)                      0.06      0.06 f
  U11/Y (NAND2X0_RVT)                              0.03      0.09 r
  U12/Y (INVX0_RVT)                                0.01      0.10 f
  Y_reg[2]/D (DFFX1_RVT)                           0.00      0.10 f
  data arrival time                                          0.10

  clock clk (rise edge)                            0.00      0.00
  clock network delay (propagated)                 0.00      0.00
  Y_reg[2]/CLK (DFFX1_RVT)                         0.00      0.00 r
  clock uncertainty                                0.05      0.05
  library hold time                               -0.01      0.04
  data required time                                         0.04
  ------------------------------------------------------------------------
  data required time                                         0.04
  data arrival time                                         -0.10
  ------------------------------------------------------------------------
  slack (MET)                                                0.06



  Startpoint: X_reg_reg[1] (rising edge-triggered flip-flop clocked by clk)
  Endpoint: Y_reg[4] (rising edge-triggered flip-flop clocked by clk)
  Mode: func
  Corner: nom
  Scenario: func::nom
  Path Group: clk
  Path Type: min

  Point                                            Incr      Path  
  ------------------------------------------------------------------------
  clock clk (rise edge)                            0.00      0.00
  clock network delay (propagated)                 0.00      0.00

  X_reg_reg[1]/CLK (DFFX1_RVT)                     0.00      0.00 r
  X_reg_reg[1]/QN (DFFX1_RVT)                      0.06      0.06 f
  U15/Y (NOR2X0_RVT)                               0.04      0.10 r
  Y_reg[4]/D (DFFX1_RVT)                           0.00      0.10 r
  data arrival time                                          0.10

  clock clk (rise edge)                            0.00      0.00
  clock network delay (propagated)                 0.00      0.00
  Y_reg[4]/CLK (DFFX1_RVT)                         0.00      0.00 r
  clock uncertainty                                0.05      0.05
  library hold time                               -0.01      0.04
  data required time                                         0.04
  ------------------------------------------------------------------------
  data required time                                         0.04
  data arrival time                                         -0.10
  ------------------------------------------------------------------------
  slack (MET)                                                0.06



  Startpoint: X_reg_reg[1] (rising edge-triggered flip-flop clocked by clk)
  Endpoint: Y_reg[6] (rising edge-triggered flip-flop clocked by clk)
  Mode: func
  Corner: nom
  Scenario: func::nom
  Path Group: clk
  Path Type: min

  Point                                            Incr      Path  
  ------------------------------------------------------------------------
  clock clk (rise edge)                            0.00      0.00
  clock network delay (propagated)                 0.00      0.00

  X_reg_reg[1]/CLK (DFFX1_RVT)                     0.00      0.00 r
  X_reg_reg[1]/Q (DFFX1_RVT)                       0.07      0.07 r
  U13/Y (NAND2X0_RVT)                              0.02      0.09 f
  U14/Y (INVX1_RVT)                                0.01      0.10 r
  Y_reg[6]/D (DFFX1_RVT)                           0.00      0.10 r
  data arrival time                                          0.10

  clock clk (rise edge)                            0.00      0.00
  clock network delay (propagated)                 0.00      0.00
  Y_reg[6]/CLK (DFFX1_RVT)                         0.00      0.00 r
  clock uncertainty                                0.05      0.05
  library hold time                               -0.01      0.04
  data required time                                         0.04
  ------------------------------------------------------------------------
  data required time                                         0.04
  data arrival time                                         -0.10
  ------------------------------------------------------------------------
  slack (MET)                                                0.06



  Startpoint: X_reg_reg[0] (rising edge-triggered flip-flop clocked by clk)
  Endpoint: Y_reg[0] (rising edge-triggered flip-flop clocked by clk)
  Mode: func
  Corner: nom
  Scenario: func::nom
  Path Group: clk
  Path Type: min

  Point                                            Incr      Path  
  ------------------------------------------------------------------------
  clock clk (rise edge)                            0.00      0.00
  clock network delay (propagated)                 0.00      0.00

  X_reg_reg[0]/CLK (DFFX1_RVT)                     0.00      0.00 r
  X_reg_reg[0]/Q (DFFX1_RVT)                       0.08      0.08 r
  U16/Y (NOR2X0_RVT)                               0.04      0.12 f
  Y_reg[0]/D (DFFX1_RVT)                           0.00      0.12 f
  data arrival time                                          0.12

  clock clk (rise edge)                            0.00      0.00
  clock network delay (propagated)                 0.00      0.00
  Y_reg[0]/CLK (DFFX1_RVT)                         0.00      0.00 r
  clock uncertainty                                0.05      0.05
  library hold time                               -0.01      0.04
  data required time                                         0.04
  ------------------------------------------------------------------------
  data required time                                         0.04
  data arrival time                                         -0.12
  ------------------------------------------------------------------------
  slack (MET)                                                0.08



  Startpoint: X[1] (input port clocked by clk)
  Endpoint: X_reg_reg[1] (rising edge-triggered flip-flop clocked by clk)
  Mode: func
  Corner: nom
  Scenario: func::nom
  Path Group: **in2reg_default**
  Path Type: min

  Point                                            Incr      Path  
  ------------------------------------------------------------------------
  clock clk (rise edge)                            0.00      0.00
  clock network delay (propagated)                 0.00      0.00
  input external delay                             0.20      0.20 f
  X[1] (in)                                        0.00      0.20 f
  X_reg_reg[1]/D (DFFX1_RVT)                       0.00      0.20 f
  data arrival time                                          0.20

  clock clk (rise edge)                            0.00      0.00
  clock network delay (propagated)                 0.00      0.00
  X_reg_reg[1]/CLK (DFFX1_RVT)                     0.00      0.00 r
  clock uncertainty                                0.05      0.05
  library hold time                               -0.01      0.04
  data required time                                         0.04
  ------------------------------------------------------------------------
  data required time                                         0.04
  data arrival time                                         -0.20
  ------------------------------------------------------------------------
  slack (MET)                                                0.16



  Startpoint: X[0] (input port clocked by clk)
  Endpoint: X_reg_reg[0] (rising edge-triggered flip-flop clocked by clk)
  Mode: func
  Corner: nom
  Scenario: func::nom
  Path Group: **in2reg_default**
  Path Type: min

  Point                                            Incr      Path  
  ------------------------------------------------------------------------
  clock clk (rise edge)                            0.00      0.00
  clock network delay (propagated)                 0.00      0.00
  input external delay                             0.20      0.20 f
  X[0] (in)                                        0.00      0.20 f
  X_reg_reg[0]/D (DFFX1_RVT)                       0.00      0.20 f
  data arrival time                                          0.20

  clock clk (rise edge)                            0.00      0.00
  clock network delay (propagated)                 0.00      0.00
  X_reg_reg[0]/CLK (DFFX1_RVT)                     0.00      0.00 r
  clock uncertainty                                0.05      0.05
  library hold time                               -0.01      0.04
  data required time                                         0.04
  ------------------------------------------------------------------------
  data required time                                         0.04
  data arrival time                                         -0.20
  ------------------------------------------------------------------------
  slack (MET)                                                0.16



  Startpoint: Y_reg[0] (rising edge-triggered flip-flop clocked by clk)
  Endpoint: Y[0] (output port clocked by clk)
  Mode: func
  Corner: nom
  Scenario: func::nom
  Path Group: **reg2out_default**
  Path Type: min

  Point                                            Incr      Path  
  ------------------------------------------------------------------------
  clock clk (rise edge)                            0.00      0.00
  clock network delay (propagated)                 0.00      0.00

  Y_reg[0]/CLK (DFFX1_RVT)                         0.00      0.00 r
  Y_reg[0]/Q (DFFX1_RVT)                           0.07      0.07 r
  Y[0] (out)                                       0.00      0.07 r
  data arrival time                                          0.07

  clock clk (rise edge)                            0.00      0.00
  clock network delay (propagated)                 0.00      0.00
  clock uncertainty                                0.05      0.05
  output external delay                           -0.20     -0.15
  data required time                                        -0.15
  ------------------------------------------------------------------------
  data required time                                        -0.15
  data arrival time                                         -0.07
  ------------------------------------------------------------------------
  slack (MET)                                                0.22



  Startpoint: Y_reg[2] (rising edge-triggered flip-flop clocked by clk)
  Endpoint: Y[2] (output port clocked by clk)
  Mode: func
  Corner: nom
  Scenario: func::nom
  Path Group: **reg2out_default**
  Path Type: min

  Point                                            Incr      Path  
  ------------------------------------------------------------------------
  clock clk (rise edge)                            0.00      0.00
  clock network delay (propagated)                 0.00      0.00

  Y_reg[2]/CLK (DFFX1_RVT)                         0.00      0.00 r
  Y_reg[2]/Q (DFFX1_RVT)                           0.07      0.07 r
  Y[2] (out)                                       0.00      0.07 r
  data arrival time                                          0.07

  clock clk (rise edge)                            0.00      0.00
  clock network delay (propagated)                 0.00      0.00
  clock uncertainty                                0.05      0.05
  output external delay                           -0.20     -0.15
  data required time                                        -0.15
  ------------------------------------------------------------------------
  data required time                                        -0.15
  data arrival time                                         -0.07
  ------------------------------------------------------------------------
  slack (MET)                                                0.22



  Startpoint: Y_reg[6] (rising edge-triggered flip-flop clocked by clk)
  Endpoint: Y[6] (output port clocked by clk)
  Mode: func
  Corner: nom
  Scenario: func::nom
  Path Group: **reg2out_default**
  Path Type: min

  Point                                            Incr      Path  
  ------------------------------------------------------------------------
  clock clk (rise edge)                            0.00      0.00
  clock network delay (propagated)                 0.00      0.00

  Y_reg[6]/CLK (DFFX1_RVT)                         0.00      0.00 r
  Y_reg[6]/Q (DFFX1_RVT)                           0.07      0.07 r
  Y[6] (out)                                       0.00      0.07 r
  data arrival time                                          0.07

  clock clk (rise edge)                            0.00      0.00
  clock network delay (propagated)                 0.00      0.00
  clock uncertainty                                0.05      0.05
  output external delay                           -0.20     -0.15
  data required time                                        -0.15
  ------------------------------------------------------------------------
  data required time                                        -0.15
  data arrival time                                         -0.07
  ------------------------------------------------------------------------
  slack (MET)                                                0.22



  Startpoint: Y_reg[4] (rising edge-triggered flip-flop clocked by clk)
  Endpoint: Y[4] (output port clocked by clk)
  Mode: func
  Corner: nom
  Scenario: func::nom
  Path Group: **reg2out_default**
  Path Type: min

  Point                                            Incr      Path  
  ------------------------------------------------------------------------
  clock clk (rise edge)                            0.00      0.00
  clock network delay (propagated)                 0.00      0.00

  Y_reg[4]/CLK (DFFX1_RVT)                         0.00      0.00 r
  Y_reg[4]/Q (DFFX1_RVT)                           0.07      0.07 r
  Y[4] (out)                                       0.00      0.07 r
  data arrival time                                          0.07

  clock clk (rise edge)                            0.00      0.00
  clock network delay (propagated)                 0.00      0.00
  clock uncertainty                                0.05      0.05
  output external delay                           -0.20     -0.15
  data required time                                        -0.15
  ------------------------------------------------------------------------
  data required time                                        -0.15
  data arrival time                                         -0.07
  ------------------------------------------------------------------------
  slack (MET)                                                0.22


1
